{
  "entries" : [
    {
      "iteration" : 0
    },
    {
      "iteration" : 1,
      "pitch" : "263.11"
    },
    {
      "iteration" : 2,
      "pitch" : "262.28"
    },
    {
      "iteration" : 3,
      "pitch" : "262.18"
    },
    {
      "iteration" : 4,
      "pitch" : "261.80"
    },
    {
      "iteration" : 5,
      "pitch" : "261.76"
    },
    {
      "iteration" : 6,
      "pitch" : "261.71"
    },
    {
      "iteration" : 7,
      "pitch" : "262.20"
    },
    {
      "iteration" : 8,
      "pitch" : "261.76"
    },
    {
      "iteration" : 9,
      "pitch" : "261.69"
    },
    {
      "iteration" : 10,
      "pitch" : "261.89"
    },
    {
      "iteration" : 11,
      "pitch" : "261.61"
    },
    {
      "iteration" : 12,
      "pitch" : "261.63"
    },
    {
      "iteration" : 13,
      "pitch" : "261.93"
    },
    {
      "iteration" : 14
    },
    {
      "iteration" : 15
    },
    {
      "iteration" : 16
    },
    {
      "iteration" : 17
    },
    {
      "iteration" : 18
    },
    {
      "iteration" : 19
    },
    {
      "iteration" : 20
    },
    {
      "iteration" : 21
    },
    {
      "iteration" : 22
    },
    {
      "iteration" : 23
    },
    {
      "iteration" : 24
    },
    {
      "iteration" : 25
    }
  ]
}