{
  "entries" : [
    {
      "iteration" : 0
    },
    {
      "iteration" : 1,
      "pitch" : "66.90"
    },
    {
      "iteration" : 2,
      "pitch" : "61.63"
    },
    {
      "iteration" : 3,
      "pitch" : "61.48"
    },
    {
      "iteration" : 4,
      "pitch" : "61.66"
    },
    {
      "iteration" : 5,
      "pitch" : "62.08"
    },
    {
      "iteration" : 6,
      "pitch" : "61.59"
    },
    {
      "iteration" : 7,
      "pitch" : "61.70"
    },
    {
      "iteration" : 8,
      "pitch" : "61.72"
    },
    {
      "iteration" : 9,
      "pitch" : "61.85"
    },
    {
      "iteration" : 10,
      "pitch" : "61.71"
    },
    {
      "iteration" : 11,
      "pitch" : "61.81"
    },
    {
      "iteration" : 12,
      "pitch" : "61.67"
    },
    {
      "iteration" : 13,
      "pitch" : "61.89"
    },
    {
      "iteration" : 14,
      "pitch" : "61.70"
    },
    {
      "iteration" : 15,
      "pitch" : "61.97"
    },
    {
      "iteration" : 16,
      "pitch" : "61.56"
    },
    {
      "iteration" : 17,
      "pitch" : "61.95"
    },
    {
      "iteration" : 18,
      "pitch" : "123.38"
    },
    {
      "iteration" : 19,
      "pitch" : "62.09"
    },
    {
      "iteration" : 20,
      "pitch" : "61.54"
    },
    {
      "iteration" : 21
    },
    {
      "iteration" : 22
    },
    {
      "iteration" : 23
    },
    {
      "iteration" : 24
    },
    {
      "iteration" : 25
    }
  ]
}