{
  "entries" : [
    {
      "iteration" : 0
    },
    {
      "iteration" : 1,
      "pitch" : "141.82"
    },
    {
      "iteration" : 2,
      "pitch" : "138.70"
    },
    {
      "iteration" : 3,
      "pitch" : "138.38"
    },
    {
      "iteration" : 4,
      "pitch" : "138.66"
    },
    {
      "iteration" : 5,
      "pitch" : "138.52"
    },
    {
      "iteration" : 6,
      "pitch" : "138.31"
    },
    {
      "iteration" : 7,
      "pitch" : "138.33"
    },
    {
      "iteration" : 8,
      "pitch" : "138.59"
    },
    {
      "iteration" : 9,
      "pitch" : "138.32"
    },
    {
      "iteration" : 10,
      "pitch" : "138.29"
    },
    {
      "iteration" : 11,
      "pitch" : "138.42"
    },
    {
      "iteration" : 12,
      "pitch" : "138.30"
    },
    {
      "iteration" : 13,
      "pitch" : "138.28"
    },
    {
      "iteration" : 14,
      "pitch" : "138.37"
    },
    {
      "iteration" : 15,
      "pitch" : "138.44"
    },
    {
      "iteration" : 16,
      "pitch" : "138.41"
    },
    {
      "iteration" : 17,
      "pitch" : "138.42"
    },
    {
      "iteration" : 18,
      "pitch" : "138.54"
    },
    {
      "iteration" : 19
    },
    {
      "iteration" : 20
    },
    {
      "iteration" : 21
    },
    {
      "iteration" : 22
    },
    {
      "iteration" : 23
    },
    {
      "iteration" : 24
    },
    {
      "iteration" : 25
    }
  ]
}