{
  "entries" : [
    {
      "iteration" : 0
    },
    {
      "iteration" : 1,
      "pitch" : "102.79"
    },
    {
      "iteration" : 2,
      "pitch" : "103.41"
    },
    {
      "iteration" : 3,
      "pitch" : "103.91"
    },
    {
      "iteration" : 4,
      "pitch" : "103.81"
    },
    {
      "iteration" : 5,
      "pitch" : "103.69"
    },
    {
      "iteration" : 6,
      "pitch" : "103.60"
    },
    {
      "iteration" : 7,
      "pitch" : "103.89"
    },
    {
      "iteration" : 8,
      "pitch" : "103.79"
    },
    {
      "iteration" : 9,
      "pitch" : "103.49"
    },
    {
      "iteration" : 10,
      "pitch" : "103.61"
    },
    {
      "iteration" : 11,
      "pitch" : "103.75"
    },
    {
      "iteration" : 12,
      "pitch" : "103.81"
    },
    {
      "iteration" : 13,
      "pitch" : "103.60"
    },
    {
      "iteration" : 14
    },
    {
      "iteration" : 15
    },
    {
      "iteration" : 16
    },
    {
      "iteration" : 17
    },
    {
      "iteration" : 18
    },
    {
      "iteration" : 19
    },
    {
      "iteration" : 20
    },
    {
      "iteration" : 21
    },
    {
      "iteration" : 22
    },
    {
      "iteration" : 23
    },
    {
      "iteration" : 24
    },
    {
      "iteration" : 25
    }
  ]
}