{
  "entries" : [
    {
      "iteration" : 0
    },
    {
      "iteration" : 1,
      "pitch" : "93.05"
    },
    {
      "iteration" : 2,
      "pitch" : "97.79"
    },
    {
      "iteration" : 3,
      "pitch" : "97.97"
    },
    {
      "iteration" : 4,
      "pitch" : "97.75"
    },
    {
      "iteration" : 5,
      "pitch" : "97.82"
    },
    {
      "iteration" : 6,
      "pitch" : "97.73"
    },
    {
      "iteration" : 7,
      "pitch" : "97.74"
    },
    {
      "iteration" : 8,
      "pitch" : "97.82"
    },
    {
      "iteration" : 9,
      "pitch" : "97.73"
    },
    {
      "iteration" : 10,
      "pitch" : "97.91"
    },
    {
      "iteration" : 11,
      "pitch" : "97.87"
    },
    {
      "iteration" : 12,
      "pitch" : "97.86"
    },
    {
      "iteration" : 13,
      "pitch" : "97.50"
    },
    {
      "iteration" : 14,
      "pitch" : "97.66"
    },
    {
      "iteration" : 15
    },
    {
      "iteration" : 16
    },
    {
      "iteration" : 17
    },
    {
      "iteration" : 18
    },
    {
      "iteration" : 19
    },
    {
      "iteration" : 20
    },
    {
      "iteration" : 21
    },
    {
      "iteration" : 22
    },
    {
      "iteration" : 23
    },
    {
      "iteration" : 24
    },
    {
      "iteration" : 25
    }
  ]
}