{
  "entries" : [
    {
      "iteration" : 0
    },
    {
      "iteration" : 1,
      "pitch" : "467.71"
    },
    {
      "iteration" : 2,
      "pitch" : "466.82"
    },
    {
      "iteration" : 3,
      "pitch" : "466.95"
    },
    {
      "iteration" : 4,
      "pitch" : "467.74"
    },
    {
      "iteration" : 5,
      "pitch" : "466.70"
    },
    {
      "iteration" : 6,
      "pitch" : "466.49"
    },
    {
      "iteration" : 7,
      "pitch" : "467.38"
    },
    {
      "iteration" : 8,
      "pitch" : "466.66"
    },
    {
      "iteration" : 9,
      "pitch" : "467.35"
    },
    {
      "iteration" : 10
    },
    {
      "iteration" : 11
    },
    {
      "iteration" : 12
    },
    {
      "iteration" : 13
    },
    {
      "iteration" : 14
    },
    {
      "iteration" : 15
    },
    {
      "iteration" : 16
    },
    {
      "iteration" : 17
    },
    {
      "iteration" : 18
    },
    {
      "iteration" : 19
    },
    {
      "iteration" : 20
    },
    {
      "iteration" : 21
    },
    {
      "iteration" : 22
    },
    {
      "iteration" : 23
    },
    {
      "iteration" : 24
    },
    {
      "iteration" : 25
    }
  ]
}