{
  "entries" : [
    {
      "iteration" : 0
    },
    {
      "iteration" : 1
    },
    {
      "iteration" : 2,
      "pitch" : "38.85"
    },
    {
      "iteration" : 3,
      "pitch" : "38.82"
    },
    {
      "iteration" : 4,
      "pitch" : "38.90"
    },
    {
      "iteration" : 5,
      "pitch" : "38.77"
    },
    {
      "iteration" : 6,
      "pitch" : "38.83"
    },
    {
      "iteration" : 7,
      "pitch" : "38.77"
    },
    {
      "iteration" : 8,
      "pitch" : "38.77"
    },
    {
      "iteration" : 9,
      "pitch" : "38.79"
    },
    {
      "iteration" : 10,
      "pitch" : "38.76"
    },
    {
      "iteration" : 11,
      "pitch" : "38.83"
    },
    {
      "iteration" : 12,
      "pitch" : "38.74"
    },
    {
      "iteration" : 13,
      "pitch" : "38.79"
    },
    {
      "iteration" : 14,
      "pitch" : "38.75"
    },
    {
      "iteration" : 15,
      "pitch" : "38.77"
    },
    {
      "iteration" : 16,
      "pitch" : "38.81"
    },
    {
      "iteration" : 17,
      "pitch" : "77.53"
    },
    {
      "iteration" : 18,
      "pitch" : "38.78"
    },
    {
      "iteration" : 19,
      "pitch" : "38.73"
    },
    {
      "iteration" : 20,
      "pitch" : "38.80"
    },
    {
      "iteration" : 21,
      "pitch" : "38.83"
    },
    {
      "iteration" : 22,
      "pitch" : "38.73"
    },
    {
      "iteration" : 23,
      "pitch" : "38.73"
    },
    {
      "iteration" : 24,
      "pitch" : "77.51"
    },
    {
      "iteration" : 25,
      "pitch" : "38.73"
    }
  ]
}