{
  "entries" : [
    {
      "iteration" : 0
    },
    {
      "iteration" : 1,
      "pitch" : "182.00"
    },
    {
      "iteration" : 2,
      "pitch" : "184.92"
    },
    {
      "iteration" : 3,
      "pitch" : "184.69"
    },
    {
      "iteration" : 4,
      "pitch" : "184.67"
    },
    {
      "iteration" : 5,
      "pitch" : "184.83"
    },
    {
      "iteration" : 6,
      "pitch" : "184.88"
    },
    {
      "iteration" : 7,
      "pitch" : "184.73"
    },
    {
      "iteration" : 8,
      "pitch" : "184.81"
    },
    {
      "iteration" : 9,
      "pitch" : "184.79"
    },
    {
      "iteration" : 10,
      "pitch" : "184.79"
    },
    {
      "iteration" : 11,
      "pitch" : "184.78"
    },
    {
      "iteration" : 12,
      "pitch" : "184.72"
    },
    {
      "iteration" : 13,
      "pitch" : "184.79"
    },
    {
      "iteration" : 14,
      "pitch" : "184.79"
    },
    {
      "iteration" : 15,
      "pitch" : "184.70"
    },
    {
      "iteration" : 16,
      "pitch" : "184.74"
    },
    {
      "iteration" : 17,
      "pitch" : "184.63"
    },
    {
      "iteration" : 18,
      "pitch" : "184.59"
    },
    {
      "iteration" : 19,
      "pitch" : "184.65"
    },
    {
      "iteration" : 20,
      "pitch" : "184.68"
    },
    {
      "iteration" : 21,
      "pitch" : "184.60"
    },
    {
      "iteration" : 22
    },
    {
      "iteration" : 23
    },
    {
      "iteration" : 24
    },
    {
      "iteration" : 25
    }
  ]
}