{
  "entries" : [
    {
      "iteration" : 0
    },
    {
      "iteration" : 1,
      "pitch" : "244.47"
    },
    {
      "iteration" : 2,
      "pitch" : "247.22"
    },
    {
      "iteration" : 3,
      "pitch" : "247.20"
    },
    {
      "iteration" : 4,
      "pitch" : "247.11"
    },
    {
      "iteration" : 5,
      "pitch" : "246.97"
    },
    {
      "iteration" : 6,
      "pitch" : "247.03"
    },
    {
      "iteration" : 7,
      "pitch" : "246.83"
    },
    {
      "iteration" : 8,
      "pitch" : "246.84"
    },
    {
      "iteration" : 9,
      "pitch" : "246.90"
    },
    {
      "iteration" : 10,
      "pitch" : "246.84"
    },
    {
      "iteration" : 11,
      "pitch" : "246.85"
    },
    {
      "iteration" : 12,
      "pitch" : "246.88"
    },
    {
      "iteration" : 13,
      "pitch" : "246.85"
    },
    {
      "iteration" : 14,
      "pitch" : "246.86"
    },
    {
      "iteration" : 15
    },
    {
      "iteration" : 16
    },
    {
      "iteration" : 17
    },
    {
      "iteration" : 18
    },
    {
      "iteration" : 19
    },
    {
      "iteration" : 20
    },
    {
      "iteration" : 21
    },
    {
      "iteration" : 22
    },
    {
      "iteration" : 23
    },
    {
      "iteration" : 24
    },
    {
      "iteration" : 25
    }
  ]
}