{
  "entries" : [
    {
      "iteration" : 0
    },
    {
      "iteration" : 1,
      "pitch" : "244.64"
    },
    {
      "iteration" : 2,
      "pitch" : "123.45"
    },
    {
      "iteration" : 3,
      "pitch" : "123.50"
    },
    {
      "iteration" : 4,
      "pitch" : "123.52"
    },
    {
      "iteration" : 5,
      "pitch" : "123.30"
    },
    {
      "iteration" : 6,
      "pitch" : "123.48"
    },
    {
      "iteration" : 7,
      "pitch" : "123.44"
    },
    {
      "iteration" : 8,
      "pitch" : "123.40"
    },
    {
      "iteration" : 9,
      "pitch" : "123.31"
    },
    {
      "iteration" : 10,
      "pitch" : "123.36"
    },
    {
      "iteration" : 11,
      "pitch" : "123.49"
    },
    {
      "iteration" : 12,
      "pitch" : "123.43"
    },
    {
      "iteration" : 13,
      "pitch" : "123.48"
    },
    {
      "iteration" : 14,
      "pitch" : "123.28"
    },
    {
      "iteration" : 15,
      "pitch" : "123.38"
    },
    {
      "iteration" : 16,
      "pitch" : "123.38"
    },
    {
      "iteration" : 17,
      "pitch" : "123.42"
    },
    {
      "iteration" : 18,
      "pitch" : "123.35"
    },
    {
      "iteration" : 19
    },
    {
      "iteration" : 20
    },
    {
      "iteration" : 21
    },
    {
      "iteration" : 22
    },
    {
      "iteration" : 23
    },
    {
      "iteration" : 24
    },
    {
      "iteration" : 25
    }
  ]
}