{
  "entries" : [
    {
      "iteration" : 0
    },
    {
      "iteration" : 1
    },
    {
      "iteration" : 2,
      "pitch" : "36.61"
    },
    {
      "iteration" : 3,
      "pitch" : "36.57"
    },
    {
      "iteration" : 4,
      "pitch" : "36.60"
    },
    {
      "iteration" : 5,
      "pitch" : "36.62"
    },
    {
      "iteration" : 6,
      "pitch" : "36.65"
    },
    {
      "iteration" : 7,
      "pitch" : "36.61"
    },
    {
      "iteration" : 8,
      "pitch" : "36.62"
    },
    {
      "iteration" : 9,
      "pitch" : "36.64"
    },
    {
      "iteration" : 10,
      "pitch" : "36.69"
    },
    {
      "iteration" : 11,
      "pitch" : "36.64"
    },
    {
      "iteration" : 12,
      "pitch" : "36.65"
    },
    {
      "iteration" : 13,
      "pitch" : "36.62"
    },
    {
      "iteration" : 14,
      "pitch" : "36.65"
    },
    {
      "iteration" : 15,
      "pitch" : "36.67"
    },
    {
      "iteration" : 16,
      "pitch" : "36.63"
    },
    {
      "iteration" : 17,
      "pitch" : "36.63"
    },
    {
      "iteration" : 18,
      "pitch" : "36.58"
    },
    {
      "iteration" : 19,
      "pitch" : "36.70"
    },
    {
      "iteration" : 20,
      "pitch" : "36.66"
    },
    {
      "iteration" : 21,
      "pitch" : "36.62"
    },
    {
      "iteration" : 22,
      "pitch" : "36.65"
    },
    {
      "iteration" : 23,
      "pitch" : "36.63"
    },
    {
      "iteration" : 24,
      "pitch" : "36.66"
    },
    {
      "iteration" : 25,
      "pitch" : "36.63"
    }
  ]
}