{
  "entries" : [
    {
      "iteration" : 0
    },
    {
      "iteration" : 1
    },
    {
      "iteration" : 2,
      "pitch" : "69.40"
    },
    {
      "iteration" : 3,
      "pitch" : "69.14"
    },
    {
      "iteration" : 4,
      "pitch" : "69.26"
    },
    {
      "iteration" : 5,
      "pitch" : "69.15"
    },
    {
      "iteration" : 6,
      "pitch" : "69.27"
    },
    {
      "iteration" : 7,
      "pitch" : "69.28"
    },
    {
      "iteration" : 8,
      "pitch" : "69.17"
    },
    {
      "iteration" : 9,
      "pitch" : "69.54"
    },
    {
      "iteration" : 10,
      "pitch" : "69.36"
    },
    {
      "iteration" : 11,
      "pitch" : "69.38"
    },
    {
      "iteration" : 12,
      "pitch" : "69.24"
    },
    {
      "iteration" : 13,
      "pitch" : "69.33"
    },
    {
      "iteration" : 14,
      "pitch" : "69.39"
    },
    {
      "iteration" : 15,
      "pitch" : "69.36"
    },
    {
      "iteration" : 16,
      "pitch" : "69.07"
    },
    {
      "iteration" : 17,
      "pitch" : "138.65"
    },
    {
      "iteration" : 18,
      "pitch" : "69.11"
    },
    {
      "iteration" : 19
    },
    {
      "iteration" : 20
    },
    {
      "iteration" : 21
    },
    {
      "iteration" : 22
    },
    {
      "iteration" : 23
    },
    {
      "iteration" : 24
    },
    {
      "iteration" : 25
    }
  ]
}