{
  "entries" : [
    {
      "iteration" : 0
    },
    {
      "iteration" : 1,
      "pitch" : "81.83"
    },
    {
      "iteration" : 2,
      "pitch" : "82.25"
    },
    {
      "iteration" : 3,
      "pitch" : "82.27"
    },
    {
      "iteration" : 4,
      "pitch" : "82.16"
    },
    {
      "iteration" : 5,
      "pitch" : "82.41"
    },
    {
      "iteration" : 6,
      "pitch" : "82.06"
    },
    {
      "iteration" : 7,
      "pitch" : "82.23"
    },
    {
      "iteration" : 8,
      "pitch" : "82.36"
    },
    {
      "iteration" : 9,
      "pitch" : "82.36"
    },
    {
      "iteration" : 10,
      "pitch" : "82.07"
    },
    {
      "iteration" : 11,
      "pitch" : "82.09"
    },
    {
      "iteration" : 12,
      "pitch" : "82.36"
    },
    {
      "iteration" : 13,
      "pitch" : "82.41"
    },
    {
      "iteration" : 14,
      "pitch" : "82.10"
    },
    {
      "iteration" : 15,
      "pitch" : "82.20"
    },
    {
      "iteration" : 16,
      "pitch" : "82.13"
    },
    {
      "iteration" : 17,
      "pitch" : "82.43"
    },
    {
      "iteration" : 18,
      "pitch" : "82.02"
    },
    {
      "iteration" : 19,
      "pitch" : "82.27"
    },
    {
      "iteration" : 20,
      "pitch" : "82.05"
    },
    {
      "iteration" : 21,
      "pitch" : "82.45"
    },
    {
      "iteration" : 22,
      "pitch" : "82.15"
    },
    {
      "iteration" : 23,
      "pitch" : "82.21"
    },
    {
      "iteration" : 24,
      "pitch" : "82.05"
    },
    {
      "iteration" : 25,
      "pitch" : "82.46"
    }
  ]
}