{
  "entries" : [
    {
      "iteration" : 0
    },
    {
      "iteration" : 1
    },
    {
      "iteration" : 2,
      "pitch" : "28.96"
    },
    {
      "iteration" : 3,
      "pitch" : "28.92"
    },
    {
      "iteration" : 4,
      "pitch" : "29.09"
    },
    {
      "iteration" : 5,
      "pitch" : "29.08"
    },
    {
      "iteration" : 6,
      "pitch" : "29.07"
    },
    {
      "iteration" : 7,
      "pitch" : "29.08"
    },
    {
      "iteration" : 8,
      "pitch" : "29.15"
    },
    {
      "iteration" : 9,
      "pitch" : "29.10"
    },
    {
      "iteration" : 10,
      "pitch" : "29.05"
    },
    {
      "iteration" : 11,
      "pitch" : "29.11"
    },
    {
      "iteration" : 12,
      "pitch" : "29.07"
    },
    {
      "iteration" : 13,
      "pitch" : "29.12"
    },
    {
      "iteration" : 14,
      "pitch" : "29.08"
    },
    {
      "iteration" : 15,
      "pitch" : "29.11"
    },
    {
      "iteration" : 16,
      "pitch" : "29.11"
    },
    {
      "iteration" : 17,
      "pitch" : "29.02"
    },
    {
      "iteration" : 18,
      "pitch" : "29.16"
    },
    {
      "iteration" : 19,
      "pitch" : "29.12"
    },
    {
      "iteration" : 20,
      "pitch" : "29.10"
    },
    {
      "iteration" : 21,
      "pitch" : "29.09"
    },
    {
      "iteration" : 22,
      "pitch" : "29.18"
    },
    {
      "iteration" : 23,
      "pitch" : "29.15"
    },
    {
      "iteration" : 24,
      "pitch" : "29.04"
    },
    {
      "iteration" : 25,
      "pitch" : "29.08"
    }
  ]
}