{
  "entries" : [
    {
      "iteration" : 0
    },
    {
      "iteration" : 1,
      "pitch" : "415.12"
    },
    {
      "iteration" : 2,
      "pitch" : "416.22"
    },
    {
      "iteration" : 3,
      "pitch" : "415.89"
    },
    {
      "iteration" : 4,
      "pitch" : "415.66"
    },
    {
      "iteration" : 5,
      "pitch" : "416.26"
    },
    {
      "iteration" : 6,
      "pitch" : "416.25"
    },
    {
      "iteration" : 7,
      "pitch" : "415.52"
    },
    {
      "iteration" : 8,
      "pitch" : "416.35"
    },
    {
      "iteration" : 9,
      "pitch" : "416.60"
    },
    {
      "iteration" : 10,
      "pitch" : "416.17"
    },
    {
      "iteration" : 11,
      "pitch" : "416.75"
    },
    {
      "iteration" : 12
    },
    {
      "iteration" : 13
    },
    {
      "iteration" : 14
    },
    {
      "iteration" : 15
    },
    {
      "iteration" : 16
    },
    {
      "iteration" : 17
    },
    {
      "iteration" : 18
    },
    {
      "iteration" : 19
    },
    {
      "iteration" : 20
    },
    {
      "iteration" : 21
    },
    {
      "iteration" : 22
    },
    {
      "iteration" : 23
    },
    {
      "iteration" : 24
    },
    {
      "iteration" : 25
    }
  ]
}