{
  "entries" : [
    {
      "iteration" : 0
    },
    {
      "iteration" : 1,
      "pitch" : "164.61"
    },
    {
      "iteration" : 2,
      "pitch" : "165.04"
    },
    {
      "iteration" : 3,
      "pitch" : "164.76"
    },
    {
      "iteration" : 4,
      "pitch" : "164.94"
    },
    {
      "iteration" : 5,
      "pitch" : "164.80"
    },
    {
      "iteration" : 6,
      "pitch" : "164.59"
    },
    {
      "iteration" : 7,
      "pitch" : "164.72"
    },
    {
      "iteration" : 8,
      "pitch" : "164.70"
    },
    {
      "iteration" : 9,
      "pitch" : "164.99"
    },
    {
      "iteration" : 10,
      "pitch" : "164.79"
    },
    {
      "iteration" : 11,
      "pitch" : "164.85"
    },
    {
      "iteration" : 12,
      "pitch" : "164.78"
    },
    {
      "iteration" : 13,
      "pitch" : "164.56"
    },
    {
      "iteration" : 14,
      "pitch" : "164.68"
    },
    {
      "iteration" : 15,
      "pitch" : "164.66"
    },
    {
      "iteration" : 16,
      "pitch" : "164.88"
    },
    {
      "iteration" : 17,
      "pitch" : "164.72"
    },
    {
      "iteration" : 18,
      "pitch" : "164.73"
    },
    {
      "iteration" : 19,
      "pitch" : "164.69"
    },
    {
      "iteration" : 20,
      "pitch" : "164.53"
    },
    {
      "iteration" : 21,
      "pitch" : "164.75"
    },
    {
      "iteration" : 22,
      "pitch" : "164.71"
    },
    {
      "iteration" : 23
    },
    {
      "iteration" : 24
    },
    {
      "iteration" : 25
    }
  ]
}