{
  "entries" : [
    {
      "iteration" : 0
    },
    {
      "iteration" : 1,
      "pitch" : "78.54"
    },
    {
      "iteration" : 2,
      "pitch" : "51.78"
    },
    {
      "iteration" : 3,
      "pitch" : "51.92"
    },
    {
      "iteration" : 4,
      "pitch" : "51.83"
    },
    {
      "iteration" : 5,
      "pitch" : "51.98"
    },
    {
      "iteration" : 6,
      "pitch" : "51.94"
    },
    {
      "iteration" : 7,
      "pitch" : "51.81"
    },
    {
      "iteration" : 8,
      "pitch" : "51.61"
    },
    {
      "iteration" : 9,
      "pitch" : "51.85"
    },
    {
      "iteration" : 10,
      "pitch" : "51.70"
    },
    {
      "iteration" : 11,
      "pitch" : "51.88"
    },
    {
      "iteration" : 12,
      "pitch" : "52.03"
    },
    {
      "iteration" : 13,
      "pitch" : "51.58"
    },
    {
      "iteration" : 14,
      "pitch" : "51.69"
    },
    {
      "iteration" : 15,
      "pitch" : "51.66"
    },
    {
      "iteration" : 16,
      "pitch" : "51.92"
    },
    {
      "iteration" : 17,
      "pitch" : "51.66"
    },
    {
      "iteration" : 18,
      "pitch" : "51.81"
    },
    {
      "iteration" : 19,
      "pitch" : "51.87"
    },
    {
      "iteration" : 20,
      "pitch" : "51.58"
    },
    {
      "iteration" : 21,
      "pitch" : "51.73"
    },
    {
      "iteration" : 22,
      "pitch" : "51.60"
    },
    {
      "iteration" : 23
    },
    {
      "iteration" : 24
    },
    {
      "iteration" : 25
    }
  ]
}