{
  "entries" : [
    {
      "iteration" : 0
    },
    {
      "iteration" : 1,
      "pitch" : "2074.75"
    },
    {
      "iteration" : 2,
      "pitch" : "294.05"
    },
    {
      "iteration" : 3,
      "pitch" : "294.13"
    },
    {
      "iteration" : 4,
      "pitch" : "293.93"
    },
    {
      "iteration" : 5,
      "pitch" : "293.81"
    },
    {
      "iteration" : 6,
      "pitch" : "294.42"
    },
    {
      "iteration" : 7,
      "pitch" : "293.89"
    },
    {
      "iteration" : 8,
      "pitch" : "293.86"
    },
    {
      "iteration" : 9,
      "pitch" : "293.65"
    },
    {
      "iteration" : 10,
      "pitch" : "293.54"
    },
    {
      "iteration" : 11,
      "pitch" : "293.76"
    },
    {
      "iteration" : 12,
      "pitch" : "293.53"
    },
    {
      "iteration" : 13,
      "pitch" : "294.00"
    },
    {
      "iteration" : 14
    },
    {
      "iteration" : 15
    },
    {
      "iteration" : 16
    },
    {
      "iteration" : 17
    },
    {
      "iteration" : 18
    },
    {
      "iteration" : 19
    },
    {
      "iteration" : 20
    },
    {
      "iteration" : 21
    },
    {
      "iteration" : 22
    },
    {
      "iteration" : 23
    },
    {
      "iteration" : 24
    },
    {
      "iteration" : 25
    }
  ]
}