{
  "entries" : [
    {
      "iteration" : 0
    },
    {
      "iteration" : 1
    },
    {
      "iteration" : 2,
      "pitch" : "82.19"
    },
    {
      "iteration" : 3,
      "pitch" : "41.09"
    },
    {
      "iteration" : 4,
      "pitch" : "41.13"
    },
    {
      "iteration" : 5,
      "pitch" : "41.17"
    },
    {
      "iteration" : 6,
      "pitch" : "41.11"
    },
    {
      "iteration" : 7,
      "pitch" : "82.29"
    },
    {
      "iteration" : 8,
      "pitch" : "41.17"
    },
    {
      "iteration" : 9,
      "pitch" : "41.13"
    },
    {
      "iteration" : 10,
      "pitch" : "41.10"
    },
    {
      "iteration" : 11,
      "pitch" : "41.13"
    },
    {
      "iteration" : 12,
      "pitch" : "41.17"
    },
    {
      "iteration" : 13,
      "pitch" : "41.19"
    },
    {
      "iteration" : 14,
      "pitch" : "41.12"
    },
    {
      "iteration" : 15,
      "pitch" : "41.09"
    },
    {
      "iteration" : 16,
      "pitch" : "41.15"
    },
    {
      "iteration" : 17,
      "pitch" : "41.14"
    },
    {
      "iteration" : 18,
      "pitch" : "41.14"
    },
    {
      "iteration" : 19,
      "pitch" : "82.19"
    },
    {
      "iteration" : 20,
      "pitch" : "82.37"
    },
    {
      "iteration" : 21,
      "pitch" : "41.13"
    },
    {
      "iteration" : 22,
      "pitch" : "41.14"
    },
    {
      "iteration" : 23,
      "pitch" : "41.07"
    },
    {
      "iteration" : 24,
      "pitch" : "41.18"
    },
    {
      "iteration" : 25,
      "pitch" : "41.13"
    }
  ]
}