{
  "entries" : [
    {
      "iteration" : 0
    },
    {
      "iteration" : 1
    },
    {
      "iteration" : 2,
      "pitch" : "54.98"
    },
    {
      "iteration" : 3,
      "pitch" : "54.59"
    },
    {
      "iteration" : 4,
      "pitch" : "54.86"
    },
    {
      "iteration" : 5,
      "pitch" : "54.80"
    },
    {
      "iteration" : 6,
      "pitch" : "54.85"
    },
    {
      "iteration" : 7,
      "pitch" : "54.41"
    },
    {
      "iteration" : 8,
      "pitch" : "54.67"
    },
    {
      "iteration" : 9,
      "pitch" : "54.79"
    },
    {
      "iteration" : 10,
      "pitch" : "54.72"
    },
    {
      "iteration" : 11,
      "pitch" : "54.71"
    },
    {
      "iteration" : 12,
      "pitch" : "54.87"
    },
    {
      "iteration" : 13,
      "pitch" : "54.79"
    },
    {
      "iteration" : 14,
      "pitch" : "54.76"
    },
    {
      "iteration" : 15,
      "pitch" : "54.52"
    },
    {
      "iteration" : 16,
      "pitch" : "54.72"
    },
    {
      "iteration" : 17,
      "pitch" : "54.78"
    },
    {
      "iteration" : 18,
      "pitch" : "54.64"
    },
    {
      "iteration" : 19,
      "pitch" : "54.85"
    },
    {
      "iteration" : 20,
      "pitch" : "54.59"
    },
    {
      "iteration" : 21,
      "pitch" : "54.50"
    },
    {
      "iteration" : 22,
      "pitch" : "54.62"
    },
    {
      "iteration" : 23
    },
    {
      "iteration" : 24
    },
    {
      "iteration" : 25
    }
  ]
}