{
  "entries" : [
    {
      "iteration" : 0
    },
    {
      "iteration" : 1,
      "pitch" : "136.31"
    },
    {
      "iteration" : 2,
      "pitch" : "32.32"
    },
    {
      "iteration" : 3,
      "pitch" : "32.52"
    },
    {
      "iteration" : 4,
      "pitch" : "32.63"
    },
    {
      "iteration" : 5,
      "pitch" : "32.59"
    },
    {
      "iteration" : 6,
      "pitch" : "32.62"
    },
    {
      "iteration" : 7,
      "pitch" : "32.64"
    },
    {
      "iteration" : 8,
      "pitch" : "32.60"
    },
    {
      "iteration" : 9,
      "pitch" : "32.62"
    },
    {
      "iteration" : 10,
      "pitch" : "32.66"
    },
    {
      "iteration" : 11,
      "pitch" : "32.57"
    },
    {
      "iteration" : 12,
      "pitch" : "32.64"
    },
    {
      "iteration" : 13,
      "pitch" : "32.63"
    },
    {
      "iteration" : 14,
      "pitch" : "32.65"
    },
    {
      "iteration" : 15,
      "pitch" : "32.61"
    },
    {
      "iteration" : 16,
      "pitch" : "32.63"
    },
    {
      "iteration" : 17,
      "pitch" : "32.60"
    },
    {
      "iteration" : 18,
      "pitch" : "32.59"
    },
    {
      "iteration" : 19,
      "pitch" : "32.57"
    },
    {
      "iteration" : 20,
      "pitch" : "32.57"
    },
    {
      "iteration" : 21,
      "pitch" : "32.60"
    },
    {
      "iteration" : 22,
      "pitch" : "32.60"
    },
    {
      "iteration" : 23,
      "pitch" : "32.58"
    },
    {
      "iteration" : 24,
      "pitch" : "32.59"
    },
    {
      "iteration" : 25,
      "pitch" : "32.63"
    }
  ]
}