{
  "entries" : [
    {
      "iteration" : 0
    },
    {
      "iteration" : 1,
      "pitch" : "155.65"
    },
    {
      "iteration" : 2,
      "pitch" : "155.36"
    },
    {
      "iteration" : 3,
      "pitch" : "155.47"
    },
    {
      "iteration" : 4,
      "pitch" : "155.61"
    },
    {
      "iteration" : 5,
      "pitch" : "155.67"
    },
    {
      "iteration" : 6,
      "pitch" : "155.50"
    },
    {
      "iteration" : 7,
      "pitch" : "155.56"
    },
    {
      "iteration" : 8,
      "pitch" : "155.51"
    },
    {
      "iteration" : 9,
      "pitch" : "155.53"
    },
    {
      "iteration" : 10,
      "pitch" : "155.50"
    },
    {
      "iteration" : 11,
      "pitch" : "155.65"
    },
    {
      "iteration" : 12,
      "pitch" : "155.53"
    },
    {
      "iteration" : 13,
      "pitch" : "155.38"
    },
    {
      "iteration" : 14,
      "pitch" : "155.53"
    },
    {
      "iteration" : 15,
      "pitch" : "155.54"
    },
    {
      "iteration" : 16,
      "pitch" : "155.46"
    },
    {
      "iteration" : 17,
      "pitch" : "155.50"
    },
    {
      "iteration" : 18,
      "pitch" : "155.63"
    },
    {
      "iteration" : 19,
      "pitch" : "155.50"
    },
    {
      "iteration" : 20,
      "pitch" : "155.79"
    },
    {
      "iteration" : 21,
      "pitch" : "155.77"
    },
    {
      "iteration" : 22
    },
    {
      "iteration" : 23
    },
    {
      "iteration" : 24
    },
    {
      "iteration" : 25
    }
  ]
}