{
  "entries" : [
    {
      "iteration" : 0
    },
    {
      "iteration" : 1,
      "pitch" : "92.57"
    },
    {
      "iteration" : 2,
      "pitch" : "92.67"
    },
    {
      "iteration" : 3,
      "pitch" : "92.13"
    },
    {
      "iteration" : 4,
      "pitch" : "92.18"
    },
    {
      "iteration" : 5,
      "pitch" : "92.33"
    },
    {
      "iteration" : 6,
      "pitch" : "92.19"
    },
    {
      "iteration" : 7,
      "pitch" : "92.09"
    },
    {
      "iteration" : 8,
      "pitch" : "92.32"
    },
    {
      "iteration" : 9,
      "pitch" : "92.15"
    },
    {
      "iteration" : 10,
      "pitch" : "92.29"
    },
    {
      "iteration" : 11,
      "pitch" : "92.11"
    },
    {
      "iteration" : 12,
      "pitch" : "92.14"
    },
    {
      "iteration" : 13,
      "pitch" : "92.31"
    },
    {
      "iteration" : 14,
      "pitch" : "92.38"
    },
    {
      "iteration" : 15,
      "pitch" : "92.41"
    },
    {
      "iteration" : 16,
      "pitch" : "92.08"
    },
    {
      "iteration" : 17,
      "pitch" : "92.36"
    },
    {
      "iteration" : 18,
      "pitch" : "92.30"
    },
    {
      "iteration" : 19,
      "pitch" : "92.43"
    },
    {
      "iteration" : 20,
      "pitch" : "92.30"
    },
    {
      "iteration" : 21,
      "pitch" : "92.04"
    },
    {
      "iteration" : 22,
      "pitch" : "92.09"
    },
    {
      "iteration" : 23,
      "pitch" : "92.03"
    },
    {
      "iteration" : 24,
      "pitch" : "92.29"
    },
    {
      "iteration" : 25
    }
  ]
}