{
  "entries" : [
    {
      "iteration" : 0
    },
    {
      "iteration" : 1,
      "pitch" : "349.54"
    },
    {
      "iteration" : 2,
      "pitch" : "174.32"
    },
    {
      "iteration" : 3,
      "pitch" : "174.53"
    },
    {
      "iteration" : 4,
      "pitch" : "174.37"
    },
    {
      "iteration" : 5,
      "pitch" : "174.65"
    },
    {
      "iteration" : 6,
      "pitch" : "174.50"
    },
    {
      "iteration" : 7,
      "pitch" : "174.32"
    },
    {
      "iteration" : 8,
      "pitch" : "174.49"
    },
    {
      "iteration" : 9,
      "pitch" : "174.52"
    },
    {
      "iteration" : 10,
      "pitch" : "174.49"
    },
    {
      "iteration" : 11,
      "pitch" : "174.43"
    },
    {
      "iteration" : 12,
      "pitch" : "174.36"
    },
    {
      "iteration" : 13,
      "pitch" : "174.47"
    },
    {
      "iteration" : 14,
      "pitch" : "174.48"
    },
    {
      "iteration" : 15,
      "pitch" : "174.42"
    },
    {
      "iteration" : 16,
      "pitch" : "174.34"
    },
    {
      "iteration" : 17,
      "pitch" : "174.48"
    },
    {
      "iteration" : 18
    },
    {
      "iteration" : 19
    },
    {
      "iteration" : 20
    },
    {
      "iteration" : 21
    },
    {
      "iteration" : 22
    },
    {
      "iteration" : 23
    },
    {
      "iteration" : 24
    },
    {
      "iteration" : 25
    }
  ]
}