{
  "entries" : [
    {
      "iteration" : 0
    },
    {
      "iteration" : 1,
      "pitch" : "133.44"
    },
    {
      "iteration" : 2,
      "pitch" : "130.83"
    },
    {
      "iteration" : 3,
      "pitch" : "130.66"
    },
    {
      "iteration" : 4,
      "pitch" : "130.62"
    },
    {
      "iteration" : 5,
      "pitch" : "130.80"
    },
    {
      "iteration" : 6,
      "pitch" : "130.41"
    },
    {
      "iteration" : 7,
      "pitch" : "130.51"
    },
    {
      "iteration" : 8,
      "pitch" : "130.54"
    },
    {
      "iteration" : 9,
      "pitch" : "130.64"
    },
    {
      "iteration" : 10,
      "pitch" : "130.56"
    },
    {
      "iteration" : 11,
      "pitch" : "130.61"
    },
    {
      "iteration" : 12,
      "pitch" : "130.62"
    },
    {
      "iteration" : 13,
      "pitch" : "130.47"
    },
    {
      "iteration" : 14,
      "pitch" : "130.64"
    },
    {
      "iteration" : 15,
      "pitch" : "130.53"
    },
    {
      "iteration" : 16,
      "pitch" : "130.68"
    },
    {
      "iteration" : 17,
      "pitch" : "130.51"
    },
    {
      "iteration" : 18
    },
    {
      "iteration" : 19
    },
    {
      "iteration" : 20
    },
    {
      "iteration" : 21
    },
    {
      "iteration" : 22
    },
    {
      "iteration" : 23
    },
    {
      "iteration" : 24
    },
    {
      "iteration" : 25
    }
  ]
}