{
  "entries" : [
    {
      "iteration" : 0
    },
    {
      "iteration" : 1
    },
    {
      "iteration" : 2,
      "pitch" : "87.41"
    },
    {
      "iteration" : 3,
      "pitch" : "86.96"
    },
    {
      "iteration" : 4,
      "pitch" : "86.92"
    },
    {
      "iteration" : 5,
      "pitch" : "86.91"
    },
    {
      "iteration" : 6,
      "pitch" : "86.93"
    },
    {
      "iteration" : 7,
      "pitch" : "86.99"
    },
    {
      "iteration" : 8,
      "pitch" : "87.02"
    },
    {
      "iteration" : 9,
      "pitch" : "86.95"
    },
    {
      "iteration" : 10,
      "pitch" : "86.91"
    },
    {
      "iteration" : 11,
      "pitch" : "86.91"
    },
    {
      "iteration" : 12,
      "pitch" : "86.98"
    },
    {
      "iteration" : 13,
      "pitch" : "86.90"
    },
    {
      "iteration" : 14,
      "pitch" : "86.95"
    },
    {
      "iteration" : 15,
      "pitch" : "86.99"
    },
    {
      "iteration" : 16,
      "pitch" : "86.93"
    },
    {
      "iteration" : 17,
      "pitch" : "86.91"
    },
    {
      "iteration" : 18,
      "pitch" : "86.99"
    },
    {
      "iteration" : 19,
      "pitch" : "86.97"
    },
    {
      "iteration" : 20,
      "pitch" : "86.93"
    },
    {
      "iteration" : 21,
      "pitch" : "87.00"
    },
    {
      "iteration" : 22,
      "pitch" : "87.00"
    },
    {
      "iteration" : 23,
      "pitch" : "86.90"
    },
    {
      "iteration" : 24,
      "pitch" : "86.97"
    },
    {
      "iteration" : 25
    }
  ]
}