{
  "entries" : [
    {
      "iteration" : 0
    },
    {
      "iteration" : 1
    },
    {
      "iteration" : 2,
      "pitch" : "48.94"
    },
    {
      "iteration" : 3,
      "pitch" : "48.94"
    },
    {
      "iteration" : 4,
      "pitch" : "49.07"
    },
    {
      "iteration" : 5,
      "pitch" : "48.73"
    },
    {
      "iteration" : 6,
      "pitch" : "49.03"
    },
    {
      "iteration" : 7,
      "pitch" : "48.92"
    },
    {
      "iteration" : 8,
      "pitch" : "48.98"
    },
    {
      "iteration" : 9,
      "pitch" : "48.89"
    },
    {
      "iteration" : 10,
      "pitch" : "48.88"
    },
    {
      "iteration" : 11,
      "pitch" : "48.97"
    },
    {
      "iteration" : 12,
      "pitch" : "48.81"
    },
    {
      "iteration" : 13,
      "pitch" : "48.51"
    },
    {
      "iteration" : 14,
      "pitch" : "48.89"
    },
    {
      "iteration" : 15,
      "pitch" : "48.95"
    },
    {
      "iteration" : 16,
      "pitch" : "48.95"
    },
    {
      "iteration" : 17,
      "pitch" : "48.96"
    },
    {
      "iteration" : 18,
      "pitch" : "48.98"
    },
    {
      "iteration" : 19,
      "pitch" : "49.02"
    },
    {
      "iteration" : 20,
      "pitch" : "48.96"
    },
    {
      "iteration" : 21,
      "pitch" : "49.06"
    },
    {
      "iteration" : 22,
      "pitch" : "48.93"
    },
    {
      "iteration" : 23,
      "pitch" : "48.90"
    },
    {
      "iteration" : 24
    },
    {
      "iteration" : 25
    }
  ]
}