{
  "entries" : [
    {
      "iteration" : 0
    },
    {
      "iteration" : 1,
      "pitch" : "390.64"
    },
    {
      "iteration" : 2,
      "pitch" : "392.97"
    },
    {
      "iteration" : 3,
      "pitch" : "392.75"
    },
    {
      "iteration" : 4,
      "pitch" : "392.42"
    },
    {
      "iteration" : 5,
      "pitch" : "391.91"
    },
    {
      "iteration" : 6,
      "pitch" : "392.33"
    },
    {
      "iteration" : 7,
      "pitch" : "392.09"
    },
    {
      "iteration" : 8,
      "pitch" : "393.17"
    },
    {
      "iteration" : 9,
      "pitch" : "392.70"
    },
    {
      "iteration" : 10,
      "pitch" : "391.94"
    },
    {
      "iteration" : 11,
      "pitch" : "391.85"
    },
    {
      "iteration" : 12,
      "pitch" : "391.93"
    },
    {
      "iteration" : 13
    },
    {
      "iteration" : 14
    },
    {
      "iteration" : 15
    },
    {
      "iteration" : 16
    },
    {
      "iteration" : 17
    },
    {
      "iteration" : 18
    },
    {
      "iteration" : 19
    },
    {
      "iteration" : 20
    },
    {
      "iteration" : 21
    },
    {
      "iteration" : 22
    },
    {
      "iteration" : 23
    },
    {
      "iteration" : 24
    },
    {
      "iteration" : 25
    }
  ]
}