{
  "entries" : [
    {
      "iteration" : 0
    },
    {
      "iteration" : 1
    },
    {
      "iteration" : 2,
      "pitch" : "146.67"
    },
    {
      "iteration" : 3,
      "pitch" : "146.79"
    },
    {
      "iteration" : 4,
      "pitch" : "146.98"
    },
    {
      "iteration" : 5,
      "pitch" : "147.07"
    },
    {
      "iteration" : 6,
      "pitch" : "146.79"
    },
    {
      "iteration" : 7,
      "pitch" : "146.76"
    },
    {
      "iteration" : 8,
      "pitch" : "146.61"
    },
    {
      "iteration" : 9,
      "pitch" : "146.93"
    },
    {
      "iteration" : 10,
      "pitch" : "146.74"
    },
    {
      "iteration" : 11,
      "pitch" : "146.78"
    },
    {
      "iteration" : 12,
      "pitch" : "146.74"
    },
    {
      "iteration" : 13,
      "pitch" : "147.10"
    },
    {
      "iteration" : 14,
      "pitch" : "146.92"
    },
    {
      "iteration" : 15,
      "pitch" : "146.49"
    },
    {
      "iteration" : 16
    },
    {
      "iteration" : 17
    },
    {
      "iteration" : 18
    },
    {
      "iteration" : 19
    },
    {
      "iteration" : 20
    },
    {
      "iteration" : 21
    },
    {
      "iteration" : 22
    },
    {
      "iteration" : 23
    },
    {
      "iteration" : 24
    },
    {
      "iteration" : 25
    }
  ]
}