{
  "entries" : [
    {
      "iteration" : 0
    },
    {
      "iteration" : 1,
      "pitch" : "92.14"
    },
    {
      "iteration" : 2,
      "pitch" : "46.09"
    },
    {
      "iteration" : 3,
      "pitch" : "46.06"
    },
    {
      "iteration" : 4,
      "pitch" : "46.15"
    },
    {
      "iteration" : 5,
      "pitch" : "46.15"
    },
    {
      "iteration" : 6,
      "pitch" : "46.12"
    },
    {
      "iteration" : 7,
      "pitch" : "46.18"
    },
    {
      "iteration" : 8,
      "pitch" : "46.19"
    },
    {
      "iteration" : 9,
      "pitch" : "46.19"
    },
    {
      "iteration" : 10,
      "pitch" : "46.10"
    },
    {
      "iteration" : 11,
      "pitch" : "46.11"
    },
    {
      "iteration" : 12,
      "pitch" : "46.17"
    },
    {
      "iteration" : 13,
      "pitch" : "46.15"
    },
    {
      "iteration" : 14,
      "pitch" : "46.14"
    },
    {
      "iteration" : 15,
      "pitch" : "46.14"
    },
    {
      "iteration" : 16,
      "pitch" : "46.13"
    },
    {
      "iteration" : 17,
      "pitch" : "46.17"
    },
    {
      "iteration" : 18,
      "pitch" : "46.16"
    },
    {
      "iteration" : 19,
      "pitch" : "46.07"
    },
    {
      "iteration" : 20,
      "pitch" : "46.13"
    },
    {
      "iteration" : 21,
      "pitch" : "46.11"
    },
    {
      "iteration" : 22,
      "pitch" : "46.09"
    },
    {
      "iteration" : 23,
      "pitch" : "46.05"
    },
    {
      "iteration" : 24,
      "pitch" : "92.00"
    },
    {
      "iteration" : 25,
      "pitch" : "46.07"
    }
  ]
}