{
  "entries" : [
    {
      "iteration" : 0
    },
    {
      "iteration" : 1
    },
    {
      "iteration" : 2,
      "pitch" : "27.66"
    },
    {
      "iteration" : 3,
      "pitch" : "27.22"
    },
    {
      "iteration" : 4,
      "pitch" : "54.76"
    },
    {
      "iteration" : 5,
      "pitch" : "27.45"
    },
    {
      "iteration" : 6,
      "pitch" : "27.36"
    },
    {
      "iteration" : 7,
      "pitch" : "27.42"
    },
    {
      "iteration" : 8,
      "pitch" : "27.51"
    },
    {
      "iteration" : 9,
      "pitch" : "27.45"
    },
    {
      "iteration" : 10,
      "pitch" : "27.38"
    },
    {
      "iteration" : 11,
      "pitch" : "27.42"
    },
    {
      "iteration" : 12,
      "pitch" : "27.46"
    },
    {
      "iteration" : 13,
      "pitch" : "27.41"
    },
    {
      "iteration" : 14,
      "pitch" : "27.45"
    },
    {
      "iteration" : 15,
      "pitch" : "27.42"
    },
    {
      "iteration" : 16,
      "pitch" : "27.41"
    },
    {
      "iteration" : 17,
      "pitch" : "27.42"
    },
    {
      "iteration" : 18,
      "pitch" : "27.42"
    },
    {
      "iteration" : 19,
      "pitch" : "27.46"
    },
    {
      "iteration" : 20,
      "pitch" : "27.42"
    },
    {
      "iteration" : 21,
      "pitch" : "27.41"
    },
    {
      "iteration" : 22,
      "pitch" : "27.41"
    },
    {
      "iteration" : 23,
      "pitch" : "27.43"
    },
    {
      "iteration" : 24,
      "pitch" : "27.40"
    },
    {
      "iteration" : 25,
      "pitch" : "27.41"
    }
  ]
}