{
  "entries" : [
    {
      "iteration" : 0
    },
    {
      "iteration" : 1,
      "pitch" : "220.34"
    },
    {
      "iteration" : 2,
      "pitch" : "220.45"
    },
    {
      "iteration" : 3,
      "pitch" : "220.62"
    },
    {
      "iteration" : 4,
      "pitch" : "220.11"
    },
    {
      "iteration" : 5,
      "pitch" : "220.06"
    },
    {
      "iteration" : 6,
      "pitch" : "220.70"
    },
    {
      "iteration" : 7,
      "pitch" : "220.24"
    },
    {
      "iteration" : 8,
      "pitch" : "219.98"
    },
    {
      "iteration" : 9,
      "pitch" : "220.01"
    },
    {
      "iteration" : 10,
      "pitch" : "220.13"
    },
    {
      "iteration" : 11,
      "pitch" : "220.04"
    },
    {
      "iteration" : 12,
      "pitch" : "219.97"
    },
    {
      "iteration" : 13
    },
    {
      "iteration" : 14
    },
    {
      "iteration" : 15
    },
    {
      "iteration" : 16
    },
    {
      "iteration" : 17
    },
    {
      "iteration" : 18
    },
    {
      "iteration" : 19
    },
    {
      "iteration" : 20
    },
    {
      "iteration" : 21
    },
    {
      "iteration" : 22
    },
    {
      "iteration" : 23
    },
    {
      "iteration" : 24
    },
    {
      "iteration" : 25
    }
  ]
}