{
  "entries" : [
    {
      "iteration" : 0
    },
    {
      "iteration" : 1,
      "pitch" : "198.00"
    },
    {
      "iteration" : 2,
      "pitch" : "196.18"
    },
    {
      "iteration" : 3,
      "pitch" : "196.22"
    },
    {
      "iteration" : 4,
      "pitch" : "196.14"
    },
    {
      "iteration" : 5,
      "pitch" : "196.19"
    },
    {
      "iteration" : 6,
      "pitch" : "196.19"
    },
    {
      "iteration" : 7,
      "pitch" : "195.92"
    },
    {
      "iteration" : 8,
      "pitch" : "195.88"
    },
    {
      "iteration" : 9,
      "pitch" : "196.07"
    },
    {
      "iteration" : 10,
      "pitch" : "196.14"
    },
    {
      "iteration" : 11,
      "pitch" : "196.16"
    },
    {
      "iteration" : 12,
      "pitch" : "196.35"
    },
    {
      "iteration" : 13,
      "pitch" : "195.96"
    },
    {
      "iteration" : 14
    },
    {
      "iteration" : 15
    },
    {
      "iteration" : 16
    },
    {
      "iteration" : 17
    },
    {
      "iteration" : 18
    },
    {
      "iteration" : 19
    },
    {
      "iteration" : 20
    },
    {
      "iteration" : 21
    },
    {
      "iteration" : 22
    },
    {
      "iteration" : 23
    },
    {
      "iteration" : 24
    },
    {
      "iteration" : 25
    }
  ]
}