{
  "entries" : [
    {
      "iteration" : 0
    },
    {
      "iteration" : 1,
      "pitch" : "94.63"
    },
    {
      "iteration" : 2,
      "pitch" : "34.42"
    },
    {
      "iteration" : 3,
      "pitch" : "34.58"
    },
    {
      "iteration" : 4,
      "pitch" : "34.63"
    },
    {
      "iteration" : 5,
      "pitch" : "34.64"
    },
    {
      "iteration" : 6,
      "pitch" : "34.59"
    },
    {
      "iteration" : 7,
      "pitch" : "34.59"
    },
    {
      "iteration" : 8,
      "pitch" : "34.52"
    },
    {
      "iteration" : 9,
      "pitch" : "34.64"
    },
    {
      "iteration" : 10,
      "pitch" : "34.67"
    },
    {
      "iteration" : 11,
      "pitch" : "34.58"
    },
    {
      "iteration" : 12,
      "pitch" : "34.62"
    },
    {
      "iteration" : 13,
      "pitch" : "34.63"
    },
    {
      "iteration" : 14,
      "pitch" : "34.57"
    },
    {
      "iteration" : 15,
      "pitch" : "34.59"
    },
    {
      "iteration" : 16,
      "pitch" : "34.68"
    },
    {
      "iteration" : 17,
      "pitch" : "34.68"
    },
    {
      "iteration" : 18,
      "pitch" : "34.58"
    },
    {
      "iteration" : 19,
      "pitch" : "34.78"
    },
    {
      "iteration" : 20,
      "pitch" : "34.54"
    },
    {
      "iteration" : 21,
      "pitch" : "34.60"
    },
    {
      "iteration" : 22,
      "pitch" : "34.60"
    },
    {
      "iteration" : 23,
      "pitch" : "34.54"
    },
    {
      "iteration" : 24,
      "pitch" : "34.63"
    },
    {
      "iteration" : 25,
      "pitch" : "34.58"
    }
  ]
}