{
  "entries" : [
    {
      "iteration" : 0
    },
    {
      "iteration" : 1,
      "pitch" : "328.82"
    },
    {
      "iteration" : 2,
      "pitch" : "330.62"
    },
    {
      "iteration" : 3,
      "pitch" : "330.07"
    },
    {
      "iteration" : 4,
      "pitch" : "330.14"
    },
    {
      "iteration" : 5,
      "pitch" : "330.07"
    },
    {
      "iteration" : 6,
      "pitch" : "329.85"
    },
    {
      "iteration" : 7,
      "pitch" : "329.72"
    },
    {
      "iteration" : 8,
      "pitch" : "330.12"
    },
    {
      "iteration" : 9
    },
    {
      "iteration" : 10
    },
    {
      "iteration" : 11
    },
    {
      "iteration" : 12
    },
    {
      "iteration" : 13
    },
    {
      "iteration" : 14
    },
    {
      "iteration" : 15
    },
    {
      "iteration" : 16
    },
    {
      "iteration" : 17
    },
    {
      "iteration" : 18
    },
    {
      "iteration" : 19
    },
    {
      "iteration" : 20
    },
    {
      "iteration" : 21
    },
    {
      "iteration" : 22
    },
    {
      "iteration" : 23
    },
    {
      "iteration" : 24
    },
    {
      "iteration" : 25
    }
  ]
}