{
  "entries" : [
    {
      "iteration" : 0
    },
    {
      "iteration" : 1
    },
    {
      "iteration" : 2,
      "pitch" : "58.43"
    },
    {
      "iteration" : 3,
      "pitch" : "58.17"
    },
    {
      "iteration" : 4,
      "pitch" : "58.21"
    },
    {
      "iteration" : 5,
      "pitch" : "58.00"
    },
    {
      "iteration" : 6,
      "pitch" : "58.27"
    },
    {
      "iteration" : 7,
      "pitch" : "58.03"
    },
    {
      "iteration" : 8,
      "pitch" : "58.17"
    },
    {
      "iteration" : 9,
      "pitch" : "57.99"
    },
    {
      "iteration" : 10,
      "pitch" : "58.23"
    },
    {
      "iteration" : 11,
      "pitch" : "58.10"
    },
    {
      "iteration" : 12,
      "pitch" : "58.16"
    },
    {
      "iteration" : 13,
      "pitch" : "57.95"
    },
    {
      "iteration" : 14,
      "pitch" : "58.34"
    },
    {
      "iteration" : 15,
      "pitch" : "58.16"
    },
    {
      "iteration" : 16,
      "pitch" : "57.99"
    },
    {
      "iteration" : 17,
      "pitch" : "58.04"
    },
    {
      "iteration" : 18,
      "pitch" : "58.25"
    },
    {
      "iteration" : 19,
      "pitch" : "58.22"
    },
    {
      "iteration" : 20
    },
    {
      "iteration" : 21
    },
    {
      "iteration" : 22
    },
    {
      "iteration" : 23
    },
    {
      "iteration" : 24
    },
    {
      "iteration" : 25
    }
  ]
}