{
  "entries" : [
    {
      "iteration" : 0
    },
    {
      "iteration" : 1
    },
    {
      "iteration" : 2,
      "pitch" : "73.20"
    },
    {
      "iteration" : 3,
      "pitch" : "73.08"
    },
    {
      "iteration" : 4,
      "pitch" : "73.82"
    },
    {
      "iteration" : 5,
      "pitch" : "73.39"
    },
    {
      "iteration" : 6,
      "pitch" : "73.65"
    },
    {
      "iteration" : 7,
      "pitch" : "73.73"
    },
    {
      "iteration" : 8,
      "pitch" : "73.47"
    },
    {
      "iteration" : 9,
      "pitch" : "73.65"
    },
    {
      "iteration" : 10,
      "pitch" : "73.43"
    },
    {
      "iteration" : 11,
      "pitch" : "73.58"
    },
    {
      "iteration" : 12,
      "pitch" : "73.33"
    },
    {
      "iteration" : 13,
      "pitch" : "73.82"
    },
    {
      "iteration" : 14,
      "pitch" : "73.29"
    },
    {
      "iteration" : 15,
      "pitch" : "73.59"
    },
    {
      "iteration" : 16,
      "pitch" : "73.63"
    },
    {
      "iteration" : 17,
      "pitch" : "73.37"
    },
    {
      "iteration" : 18
    },
    {
      "iteration" : 19
    },
    {
      "iteration" : 20
    },
    {
      "iteration" : 21
    },
    {
      "iteration" : 22
    },
    {
      "iteration" : 23
    },
    {
      "iteration" : 24
    },
    {
      "iteration" : 25
    }
  ]
}