{
  "entries" : [
    {
      "iteration" : 0
    },
    {
      "iteration" : 1,
      "pitch" : "90.80"
    },
    {
      "iteration" : 2,
      "pitch" : "43.44"
    },
    {
      "iteration" : 3,
      "pitch" : "43.50"
    },
    {
      "iteration" : 4,
      "pitch" : "43.53"
    },
    {
      "iteration" : 5,
      "pitch" : "43.52"
    },
    {
      "iteration" : 6,
      "pitch" : "43.51"
    },
    {
      "iteration" : 7,
      "pitch" : "43.53"
    },
    {
      "iteration" : 8,
      "pitch" : "43.51"
    },
    {
      "iteration" : 9,
      "pitch" : "43.49"
    },
    {
      "iteration" : 10,
      "pitch" : "43.52"
    },
    {
      "iteration" : 11,
      "pitch" : "43.51"
    },
    {
      "iteration" : 12,
      "pitch" : "43.52"
    },
    {
      "iteration" : 13,
      "pitch" : "43.48"
    },
    {
      "iteration" : 14,
      "pitch" : "43.51"
    },
    {
      "iteration" : 15,
      "pitch" : "43.52"
    },
    {
      "iteration" : 16,
      "pitch" : "43.49"
    },
    {
      "iteration" : 17,
      "pitch" : "43.50"
    },
    {
      "iteration" : 18,
      "pitch" : "43.51"
    },
    {
      "iteration" : 19,
      "pitch" : "43.49"
    },
    {
      "iteration" : 20,
      "pitch" : "43.52"
    },
    {
      "iteration" : 21,
      "pitch" : "43.50"
    },
    {
      "iteration" : 22,
      "pitch" : "43.48"
    },
    {
      "iteration" : 23,
      "pitch" : "43.44"
    },
    {
      "iteration" : 24,
      "pitch" : "43.42"
    },
    {
      "iteration" : 25,
      "pitch" : "43.42"
    }
  ]
}