{
  "entries" : [
    {
      "iteration" : 0
    },
    {
      "iteration" : 1,
      "pitch" : "109.53"
    },
    {
      "iteration" : 2,
      "pitch" : "110.10"
    },
    {
      "iteration" : 3,
      "pitch" : "109.92"
    },
    {
      "iteration" : 4,
      "pitch" : "109.74"
    },
    {
      "iteration" : 5,
      "pitch" : "109.88"
    },
    {
      "iteration" : 6,
      "pitch" : "109.83"
    },
    {
      "iteration" : 7,
      "pitch" : "109.80"
    },
    {
      "iteration" : 8,
      "pitch" : "109.80"
    },
    {
      "iteration" : 9,
      "pitch" : "109.92"
    },
    {
      "iteration" : 10,
      "pitch" : "109.80"
    },
    {
      "iteration" : 11,
      "pitch" : "109.82"
    },
    {
      "iteration" : 12,
      "pitch" : "109.57"
    },
    {
      "iteration" : 13
    },
    {
      "iteration" : 14
    },
    {
      "iteration" : 15
    },
    {
      "iteration" : 16
    },
    {
      "iteration" : 17
    },
    {
      "iteration" : 18
    },
    {
      "iteration" : 19
    },
    {
      "iteration" : 20
    },
    {
      "iteration" : 21
    },
    {
      "iteration" : 22
    },
    {
      "iteration" : 23
    },
    {
      "iteration" : 24
    },
    {
      "iteration" : 25
    }
  ]
}