{
  "entries" : [
    {
      "iteration" : 0
    },
    {
      "iteration" : 1,
      "pitch" : "233.12"
    },
    {
      "iteration" : 2,
      "pitch" : "233.36"
    },
    {
      "iteration" : 3,
      "pitch" : "233.36"
    },
    {
      "iteration" : 4,
      "pitch" : "233.25"
    },
    {
      "iteration" : 5,
      "pitch" : "233.29"
    },
    {
      "iteration" : 6,
      "pitch" : "233.05"
    },
    {
      "iteration" : 7,
      "pitch" : "233.23"
    },
    {
      "iteration" : 8,
      "pitch" : "233.47"
    },
    {
      "iteration" : 9,
      "pitch" : "233.12"
    },
    {
      "iteration" : 10,
      "pitch" : "232.82"
    },
    {
      "iteration" : 11,
      "pitch" : "233.05"
    },
    {
      "iteration" : 12,
      "pitch" : "233.40"
    },
    {
      "iteration" : 13
    },
    {
      "iteration" : 14
    },
    {
      "iteration" : 15
    },
    {
      "iteration" : 16
    },
    {
      "iteration" : 17
    },
    {
      "iteration" : 18
    },
    {
      "iteration" : 19
    },
    {
      "iteration" : 20
    },
    {
      "iteration" : 21
    },
    {
      "iteration" : 22
    },
    {
      "iteration" : 23
    },
    {
      "iteration" : 24
    },
    {
      "iteration" : 25
    }
  ]
}