{
  "entries" : [
    {
      "iteration" : 0
    },
    {
      "iteration" : 1,
      "pitch" : "103.48"
    },
    {
      "iteration" : 2,
      "pitch" : "207.70"
    },
    {
      "iteration" : 3,
      "pitch" : "208.09"
    },
    {
      "iteration" : 4,
      "pitch" : "207.80"
    },
    {
      "iteration" : 5,
      "pitch" : "207.83"
    },
    {
      "iteration" : 6,
      "pitch" : "207.70"
    },
    {
      "iteration" : 7,
      "pitch" : "207.65"
    },
    {
      "iteration" : 8,
      "pitch" : "207.58"
    },
    {
      "iteration" : 9,
      "pitch" : "207.72"
    },
    {
      "iteration" : 10,
      "pitch" : "207.87"
    },
    {
      "iteration" : 11,
      "pitch" : "207.49"
    },
    {
      "iteration" : 12,
      "pitch" : "207.90"
    },
    {
      "iteration" : 13
    },
    {
      "iteration" : 14
    },
    {
      "iteration" : 15
    },
    {
      "iteration" : 16
    },
    {
      "iteration" : 17
    },
    {
      "iteration" : 18
    },
    {
      "iteration" : 19
    },
    {
      "iteration" : 20
    },
    {
      "iteration" : 21
    },
    {
      "iteration" : 22
    },
    {
      "iteration" : 23
    },
    {
      "iteration" : 24
    },
    {
      "iteration" : 25
    }
  ]
}