{
  "entries" : [
    {
      "iteration" : 0
    },
    {
      "iteration" : 1
    },
    {
      "iteration" : 2,
      "pitch" : "277.95"
    },
    {
      "iteration" : 3,
      "pitch" : "277.37"
    },
    {
      "iteration" : 4,
      "pitch" : "277.76"
    },
    {
      "iteration" : 5,
      "pitch" : "278.62"
    },
    {
      "iteration" : 6,
      "pitch" : "278.71"
    },
    {
      "iteration" : 7,
      "pitch" : "277.68"
    },
    {
      "iteration" : 8,
      "pitch" : "277.90"
    },
    {
      "iteration" : 9,
      "pitch" : "277.11"
    },
    {
      "iteration" : 10,
      "pitch" : "277.37"
    },
    {
      "iteration" : 11,
      "pitch" : "277.39"
    },
    {
      "iteration" : 12,
      "pitch" : "277.50"
    },
    {
      "iteration" : 13,
      "pitch" : "277.40"
    },
    {
      "iteration" : 14,
      "pitch" : "277.23"
    },
    {
      "iteration" : 15
    },
    {
      "iteration" : 16
    },
    {
      "iteration" : 17
    },
    {
      "iteration" : 18
    },
    {
      "iteration" : 19
    },
    {
      "iteration" : 20
    },
    {
      "iteration" : 21
    },
    {
      "iteration" : 22
    },
    {
      "iteration" : 23
    },
    {
      "iteration" : 24
    },
    {
      "iteration" : 25
    }
  ]
}