{
  "entries" : [
    {
      "iteration" : 0
    },
    {
      "iteration" : 1,
      "pitch" : "114.13"
    },
    {
      "iteration" : 2,
      "pitch" : "116.44"
    },
    {
      "iteration" : 3,
      "pitch" : "116.64"
    },
    {
      "iteration" : 4,
      "pitch" : "116.49"
    },
    {
      "iteration" : 5,
      "pitch" : "116.44"
    },
    {
      "iteration" : 6,
      "pitch" : "116.23"
    },
    {
      "iteration" : 7,
      "pitch" : "116.42"
    },
    {
      "iteration" : 8,
      "pitch" : "116.47"
    },
    {
      "iteration" : 9,
      "pitch" : "116.41"
    },
    {
      "iteration" : 10,
      "pitch" : "116.43"
    },
    {
      "iteration" : 11,
      "pitch" : "116.17"
    },
    {
      "iteration" : 12,
      "pitch" : "116.19"
    },
    {
      "iteration" : 13
    },
    {
      "iteration" : 14
    },
    {
      "iteration" : 15
    },
    {
      "iteration" : 16
    },
    {
      "iteration" : 17
    },
    {
      "iteration" : 18
    },
    {
      "iteration" : 19
    },
    {
      "iteration" : 20
    },
    {
      "iteration" : 21
    },
    {
      "iteration" : 22
    },
    {
      "iteration" : 23
    },
    {
      "iteration" : 24
    },
    {
      "iteration" : 25
    }
  ]
}