{
  "entries" : [
    {
      "iteration" : 0
    },
    {
      "iteration" : 1
    },
    {
      "iteration" : 2,
      "pitch" : "65.13"
    },
    {
      "iteration" : 3,
      "pitch" : "65.04"
    },
    {
      "iteration" : 4,
      "pitch" : "65.50"
    },
    {
      "iteration" : 5,
      "pitch" : "65.47"
    },
    {
      "iteration" : 6,
      "pitch" : "65.49"
    },
    {
      "iteration" : 7,
      "pitch" : "65.59"
    },
    {
      "iteration" : 8,
      "pitch" : "65.57"
    },
    {
      "iteration" : 9,
      "pitch" : "65.39"
    },
    {
      "iteration" : 10,
      "pitch" : "65.50"
    },
    {
      "iteration" : 11,
      "pitch" : "65.54"
    },
    {
      "iteration" : 12,
      "pitch" : "65.40"
    },
    {
      "iteration" : 13,
      "pitch" : "65.60"
    },
    {
      "iteration" : 14,
      "pitch" : "65.26"
    },
    {
      "iteration" : 15,
      "pitch" : "65.63"
    },
    {
      "iteration" : 16,
      "pitch" : "65.32"
    },
    {
      "iteration" : 17,
      "pitch" : "65.57"
    },
    {
      "iteration" : 18,
      "pitch" : "65.34"
    },
    {
      "iteration" : 19,
      "pitch" : "65.33"
    },
    {
      "iteration" : 20
    },
    {
      "iteration" : 21
    },
    {
      "iteration" : 22
    },
    {
      "iteration" : 23
    },
    {
      "iteration" : 24
    },
    {
      "iteration" : 25
    }
  ]
}