{
  "entries" : [
    {
      "iteration" : 0
    },
    {
      "iteration" : 1,
      "pitch" : "529.70"
    },
    {
      "iteration" : 2,
      "pitch" : "525.44"
    },
    {
      "iteration" : 3,
      "pitch" : "524.56"
    },
    {
      "iteration" : 4,
      "pitch" : "523.67"
    },
    {
      "iteration" : 5,
      "pitch" : "524.85"
    },
    {
      "iteration" : 6,
      "pitch" : "524.94"
    },
    {
      "iteration" : 7
    },
    {
      "iteration" : 8
    },
    {
      "iteration" : 9
    },
    {
      "iteration" : 10
    },
    {
      "iteration" : 11
    },
    {
      "iteration" : 12
    },
    {
      "iteration" : 13
    },
    {
      "iteration" : 14
    },
    {
      "iteration" : 15
    },
    {
      "iteration" : 16
    },
    {
      "iteration" : 17
    },
    {
      "iteration" : 18
    },
    {
      "iteration" : 19
    },
    {
      "iteration" : 20
    },
    {
      "iteration" : 21
    },
    {
      "iteration" : 22
    },
    {
      "iteration" : 23
    },
    {
      "iteration" : 24
    },
    {
      "iteration" : 25
    }
  ]
}