{
  "entries" : [
    {
      "iteration" : 0
    },
    {
      "iteration" : 1,
      "pitch" : 220.33626423217356
    },
    {
      "iteration" : 2,
      "pitch" : 219.42813101224601
    },
    {
      "iteration" : 3,
      "pitch" : 220.56744103319943
    },
    {
      "iteration" : 4,
      "pitch" : 220.1587735209614
    },
    {
      "iteration" : 5,
      "pitch" : 220.33621514216065
    },
    {
      "iteration" : 6,
      "pitch" : 220.5175970681012
    },
    {
      "iteration" : 7
    },
    {
      "iteration" : 8
    },
    {
      "iteration" : 9
    },
    {
      "iteration" : 10
    },
    {
      "iteration" : 11
    },
    {
      "iteration" : 12
    },
    {
      "iteration" : 13
    },
    {
      "iteration" : 14
    },
    {
      "iteration" : 15
    },
    {
      "iteration" : 16
    },
    {
      "iteration" : 17
    },
    {
      "iteration" : 18
    },
    {
      "iteration" : 19
    },
    {
      "iteration" : 20
    },
    {
      "iteration" : 21
    },
    {
      "iteration" : 22
    },
    {
      "iteration" : 23
    },
    {
      "iteration" : 24
    },
    {
      "iteration" : 25
    }
  ]
}