{
  "entries" : [
    {
      "iteration" : 0
    },
    {
      "iteration" : 1,
      "pitch" : "80.20"
    },
    {
      "iteration" : 2,
      "pitch" : "77.71"
    },
    {
      "iteration" : 3,
      "pitch" : "77.28"
    },
    {
      "iteration" : 4,
      "pitch" : "77.49"
    },
    {
      "iteration" : 5,
      "pitch" : "77.59"
    },
    {
      "iteration" : 6,
      "pitch" : "77.63"
    },
    {
      "iteration" : 7,
      "pitch" : "77.48"
    },
    {
      "iteration" : 8,
      "pitch" : "77.46"
    },
    {
      "iteration" : 9,
      "pitch" : "77.54"
    },
    {
      "iteration" : 10,
      "pitch" : "77.48"
    },
    {
      "iteration" : 11,
      "pitch" : "77.65"
    },
    {
      "iteration" : 12,
      "pitch" : "77.48"
    },
    {
      "iteration" : 13,
      "pitch" : "77.40"
    },
    {
      "iteration" : 14,
      "pitch" : "77.57"
    },
    {
      "iteration" : 15,
      "pitch" : "77.43"
    },
    {
      "iteration" : 16,
      "pitch" : "77.57"
    },
    {
      "iteration" : 17,
      "pitch" : "77.36"
    },
    {
      "iteration" : 18,
      "pitch" : "77.43"
    },
    {
      "iteration" : 19,
      "pitch" : "77.63"
    },
    {
      "iteration" : 20,
      "pitch" : "77.48"
    },
    {
      "iteration" : 21,
      "pitch" : "77.47"
    },
    {
      "iteration" : 22,
      "pitch" : "77.41"
    },
    {
      "iteration" : 23,
      "pitch" : "77.50"
    },
    {
      "iteration" : 24,
      "pitch" : "77.62"
    },
    {
      "iteration" : 25,
      "pitch" : "77.47"
    }
  ]
}