{
  "entries" : [
    {
      "iteration" : 0
    },
    {
      "iteration" : 1
    },
    {
      "iteration" : 2,
      "pitch" : "30.67"
    },
    {
      "iteration" : 3,
      "pitch" : "30.75"
    },
    {
      "iteration" : 4,
      "pitch" : "30.89"
    },
    {
      "iteration" : 5,
      "pitch" : "30.84"
    },
    {
      "iteration" : 6,
      "pitch" : "30.78"
    },
    {
      "iteration" : 7,
      "pitch" : "30.89"
    },
    {
      "iteration" : 8,
      "pitch" : "30.84"
    },
    {
      "iteration" : 9,
      "pitch" : "30.88"
    },
    {
      "iteration" : 10,
      "pitch" : "30.73"
    },
    {
      "iteration" : 11,
      "pitch" : "30.91"
    },
    {
      "iteration" : 12,
      "pitch" : "30.74"
    },
    {
      "iteration" : 13,
      "pitch" : "30.85"
    },
    {
      "iteration" : 14,
      "pitch" : "30.88"
    },
    {
      "iteration" : 15,
      "pitch" : "30.80"
    },
    {
      "iteration" : 16,
      "pitch" : "30.86"
    },
    {
      "iteration" : 17,
      "pitch" : "30.78"
    },
    {
      "iteration" : 18,
      "pitch" : "30.87"
    },
    {
      "iteration" : 19,
      "pitch" : "30.69"
    },
    {
      "iteration" : 20,
      "pitch" : "30.86"
    },
    {
      "iteration" : 21,
      "pitch" : "30.84"
    },
    {
      "iteration" : 22,
      "pitch" : "30.97"
    },
    {
      "iteration" : 23,
      "pitch" : "30.87"
    },
    {
      "iteration" : 24,
      "pitch" : "30.78"
    },
    {
      "iteration" : 25,
      "pitch" : "30.89"
    }
  ]
}